exports[`Schedule - Break renders correctly 1`] = `
<View
  important={false}
  style={
    Array [
      Object {
        "alignItems": "stretch",
        "backgroundColor": "#fcfcfc",
        "flexDirection": "row",
      },
      undefined,
    ]
  }
  title="">
  <View
    style={
      Object {
        "backgroundColor": "#00A8D8",
        "width": 5,
      }
    } />
  <BVLinearGradient
    colors={
      Array [
        4294769916,
        4294769916,
        4293256677,
        4293256677,
        4294769916,
        4294769916,
        4293256677,
        4293256677,
        4294769916,
        4294769916,
        4293256677,
        4293256677,
        4294769916,
        4294769916,
        4293256677,
        4293256677,
        4294769916,
        4294769916,
        4293256677,
        4293256677,
        4294769916,
        4294769916,
        4293256677,
        4293256677,
        4294769916,
        4294769916,
        4293256677,
        4293256677,
        4294769916,
        4294769916,
        4293256677,
        4293256677,
        4294769916,
        4294769916,
        4293256677,
        4293256677,
        4294769916,
        4294769916,
        4293256677,
        4293256677,
        4294769916,
        4294769916,
        4293256677,
        4293256677,
        4294769916,
        4294769916,
        4293256677,
        4293256677,
        4294769916,
        4294769916,
        4293256677,
        4293256677,
        4294769916,
        4294769916,
        4293256677,
        4293256677,
      ]
    }
    end={
      Object {
        "x": 1,
        "y": 0.3,
      }
    }
    locations={
      Array [
        0,
        0.06928571428571428,
        0.06928571428571428,
        0.07428571428571429,
        0.07428571428571429,
        0.14357142857142857,
        0.14357142857142857,
        0.14857142857142858,
        0.14857142857142858,
        0.21785714285714286,
        0.21785714285714286,
        0.22285714285714286,
        0.22285714285714286,
        0.29214285714285715,
        0.29214285714285715,
        0.29714285714285715,
        0.29714285714285715,
        0.36642857142857144,
        0.36642857142857144,
        0.37142857142857144,
        0.37142857142857144,
        0.4407142857142857,
        0.4407142857142857,
        0.44571428571428573,
        0.44571428571428573,
        0.515,
        0.515,
        0.52,
        0.52,
        0.5892857142857143,
        0.5892857142857143,
        0.5942857142857143,
        0.5942857142857143,
        0.6635714285714286,
        0.6635714285714286,
        0.6685714285714286,
        0.6685714285714286,
        0.7378571428571429,
        0.7378571428571429,
        0.7428571428571429,
        0.7428571428571429,
        0.8121428571428572,
        0.8121428571428572,
        0.8171428571428572,
        0.8171428571428572,
        0.8864285714285715,
        0.8864285714285715,
        0.8914285714285715,
        0.8914285714285715,
        0.9607142857142857,
        0.9607142857142857,
        0.9657142857142857,
        0.9657142857142857,
        1.0350000000000001,
        1.0350000000000001,
        1.04,
      ]
    }
    start={
      Object {
        "x": 0,
        "y": 0.15,
      }
    }
    style={
      Object {
        "alignItems": "center",
        "backgroundColor": "#fcfcfc",
        "flexGrow": 1,
        "height": 44,
        "justifyContent": "center",
        "left": 17,
      }
    }>
    <Text
      accessible={true}
      allowFontScaling={true}
      ellipsizeMode="tail"
      style={
        Array [
          Object {
            "backgroundColor": "transparent",
            "color": "#383838",
            "fontSize": 14,
            "fontWeight": "300",
            "left": -17,
          },
          undefined,
        ]
      }>
       -
      <Text
        accessible={true}
        allowFontScaling={true}
        ellipsizeMode="tail"
        style={
          Object {
            "fontWeight": "500",
          }
        }>
         
        Break
      </Text>
    </Text>
  </BVLinearGradient>
</View>
`;
